2026.02.08 00:42:06 INFO  Started: Metals version 1.6.5 in folders 'C:\Users\tarcz\Documents\programowanie-funkcyje\Programowanie-funkcyjne\zadanie4' for client Visual Studio Code 1.109.0.
2026.02.08 00:42:06 INFO  Memory monitor started
2026.02.08 00:42:06 WARN  Using H2 2.4.240 which is newer than the version Flyway has been verified with. The latest verified version of H2 is 2.3.232.
2026.02.08 00:42:07 INFO  no build target found for C:\Users\tarcz\Documents\programowanie-funkcyje\Programowanie-funkcyjne\zadanie4\app\src\HTTPServer.scala. Using presentation compiler with project's scala-library version: 3.3.7
2026.02.08 00:42:09 INFO  no build target found for C:\Users\tarcz\Documents\programowanie-funkcyje\Programowanie-funkcyjne\zadanie4\app\src\HTTPServer.scala. Using presentation compiler with project's scala-library version: 3.3.7
2026.02.08 00:42:09 INFO  no build target found for C:\Users\tarcz\Documents\programowanie-funkcyje\Programowanie-funkcyjne\zadanie4\app\src\HTTPServer.scala. Using presentation compiler with project's scala-library version: 3.3.7
lut 08, 2026 12:42:09 AM org.eclipse.lsp4j.jsonrpc.RemoteEndpoint handleCancellation
WARNING: Unmatched cancel notification for request id 2
2026.02.08 00:42:09 INFO  no build target found for C:\Users\tarcz\Documents\programowanie-funkcyje\Programowanie-funkcyjne\zadanie4\app\src\HTTPServer.scala. Using presentation compiler with project's scala-library version: 3.3.7
2026.02.08 00:42:09 INFO  no build target found for C:\Users\tarcz\Documents\programowanie-funkcyje\Programowanie-funkcyjne\zadanie4\app\src\HTTPServer.scala. Using presentation compiler with project's scala-library version: 3.3.7
2026.02.08 00:42:09 INFO  no build target found for C:\Users\tarcz\Documents\programowanie-funkcyje\Programowanie-funkcyjne\zadanie4\app\src\HTTPServer.scala. Using presentation compiler with project's scala-library version: 3.3.7
lut 08, 2026 12:42:10 AM org.eclipse.lsp4j.jsonrpc.RemoteEndpoint handleCancellation
WARNING: Unmatched cancel notification for request id 4
2026.02.08 00:42:09 INFO  no build target found for C:\Users\tarcz\Documents\programowanie-funkcyje\Programowanie-funkcyjne\zadanie4\app\src\HTTPServer.scala. Using presentation compiler with project's scala-library version: 3.3.7
2026.02.08 00:42:10 INFO  no build target found for C:\Users\tarcz\Documents\programowanie-funkcyje\Programowanie-funkcyjne\zadanie4\app\src\HTTPServer.scala. Using presentation compiler with project's scala-library version: 3.3.7
2026.02.08 00:42:11 INFO  no build target found for C:\Users\tarcz\Documents\programowanie-funkcyje\Programowanie-funkcyjne\zadanie4\app\src\HTTPServer.scala. Using presentation compiler with project's scala-library version: 3.3.7
2026.02.08 00:42:11 INFO  no build target found for C:\Users\tarcz\Documents\programowanie-funkcyje\Programowanie-funkcyjne\zadanie4\app\src\HTTPServer.scala. Using presentation compiler with project's scala-library version: 3.3.7
2026.02.08 00:42:11 INFO  no build target found for C:\Users\tarcz\Documents\programowanie-funkcyje\Programowanie-funkcyjne\zadanie4\app\src\HTTPServer.scala. Using presentation compiler with project's scala-library version: 3.3.7
2026.02.08 00:42:11 INFO  no build target found for C:\Users\tarcz\Documents\programowanie-funkcyje\Programowanie-funkcyjne\zadanie4\app\src\HTTPServer.scala. Using presentation compiler with project's scala-library version: 3.3.7
2026.02.08 00:42:12 INFO  no build target found for C:\Users\tarcz\Documents\programowanie-funkcyje\Programowanie-funkcyjne\zadanie4\app\src\HTTPServer.scala. Using presentation compiler with project's scala-library version: 3.3.7
2026.02.08 00:42:12 INFO  no build target found for C:\Users\tarcz\Documents\programowanie-funkcyje\Programowanie-funkcyjne\zadanie4\app\src\HTTPServer.scala. Using presentation compiler with project's scala-library version: 3.3.7
2026.02.08 00:42:12 INFO  no build target found for C:\Users\tarcz\Documents\programowanie-funkcyje\Programowanie-funkcyjne\zadanie4\app\src\HTTPServer.scala. Using presentation compiler with project's scala-library version: 3.3.7
2026.02.08 00:42:12 INFO  no build target found for C:\Users\tarcz\Documents\programowanie-funkcyje\Programowanie-funkcyjne\zadanie4\app\src\HTTPServer.scala. Using presentation compiler with project's scala-library version: 3.3.7
2026.02.08 00:42:12 INFO  no build target found for C:\Users\tarcz\Documents\programowanie-funkcyje\Programowanie-funkcyjne\zadanie4\app\src\HTTPServer.scala. Using presentation compiler with project's scala-library version: 3.3.7
2026.02.08 00:42:14 INFO  no build target found for C:\Users\tarcz\Documents\programowanie-funkcyje\Programowanie-funkcyjne\zadanie4\app\src\HTTPServer.scala. Using presentation compiler with project's scala-library version: 3.3.7
2026.02.08 00:42:14 INFO  no build target found for C:\Users\tarcz\Documents\programowanie-funkcyje\Programowanie-funkcyjne\zadanie4\app\src\HTTPServer.scala. Using presentation compiler with project's scala-library version: 3.3.7
2026.02.08 00:42:14 INFO  no build target found for C:\Users\tarcz\Documents\programowanie-funkcyje\Programowanie-funkcyjne\zadanie4\app\src\HTTPServer.scala. Using presentation compiler with project's scala-library version: 3.3.7
2026.02.08 00:42:14 INFO  no build target found for C:\Users\tarcz\Documents\programowanie-funkcyje\Programowanie-funkcyjne\zadanie4\app\src\HTTPServer.scala. Using presentation compiler with project's scala-library version: 3.3.7
2026.02.08 00:42:14 INFO  no build target found for C:\Users\tarcz\Documents\programowanie-funkcyje\Programowanie-funkcyjne\zadanie4\app\src\HTTPServer.scala. Using presentation compiler with project's scala-library version: 3.3.7
2026.02.08 00:42:15 INFO  no build target found for C:\Users\tarcz\Documents\programowanie-funkcyje\Programowanie-funkcyjne\zadanie4\app\src\HTTPServer.scala. Using presentation compiler with project's scala-library version: 3.3.7
2026.02.08 00:42:15 WARN  no build target for: C:\Users\tarcz\Documents\programowanie-funkcyje\Programowanie-funkcyjne\zadanie4\app\src\HTTPServer.scala
2026.02.08 00:42:18 INFO  no build target found for C:\Users\tarcz\Documents\programowanie-funkcyje\Programowanie-funkcyjne\zadanie4\app\src\HTTPServer.scala. Using presentation compiler with project's scala-library version: 3.3.7
2026.02.08 00:42:18 INFO  Shutting down server
2026.02.08 00:42:18 INFO  Memory monitor stopped
2026.02.08 00:42:18 INFO  shutting down Metals
2026.02.08 00:42:18 INFO  Exiting server
