[Trace - 00:42:39 AM] Received request 'build/initialize - (1)'
Params: {
  "displayName": "Metals",
  "version": "1.6.5",
  "bspVersion": "2.2.0-M2",
  "rootUri": "file:///C:/Users/tarcz/Documents/programowanie-funkcyje/Programowanie-funkcyjne/zadanie5/",
  "capabilities": {
    "languageIds": [
      "scala",
      "java"
    ],
    "jvmCompileClasspathReceiver": true
  },
  "dataKind": "bloop-data-kind",
  "data": {
    "javaSemanticdbVersion": "0.11.2",
    "semanticdbVersion": "4.14.5",
    "supportedScalaVersions": [
      "2.13.18",
      "2.12.21",
      "2.12.20",
      "2.12.19",
      "2.12.18",
      "2.13.15",
      "2.13.16",
      "2.13.17",
      "2.11.12"
    ],
    "enableBestEffortMode": false
  }
}


[Trace - 00:42:39 AM] Sending response 'build/initialize - (1)'. Processing request took 131ms
Result: {
  "displayName": "mill-bsp",
  "version": "1.0.6",
  "bspVersion": "2.2.0-M2",
  "capabilities": {
    "compileProvider": {
      "languageIds": [
        "java",
        "scala",
        "kotlin"
      ]
    },
    "testProvider": {
      "languageIds": [
        "java",
        "scala",
        "kotlin"
      ]
    },
    "runProvider": {
      "languageIds": [
        "java",
        "scala",
        "kotlin"
      ]
    },
    "debugProvider": {
      "languageIds": []
    },
    "inverseSourcesProvider": true,
    "dependencySourcesProvider": true,
    "dependencyModulesProvider": true,
    "resourcesProvider": true,
    "outputPathsProvider": true,
    "buildTargetChangedProvider": true,
    "jvmRunEnvironmentProvider": true,
    "jvmTestEnvironmentProvider": true,
    "canReload": true,
    "jvmCompileClasspathProvider": true
  }
}


[Trace - 00:42:39 AM] Received notification 'build/initialized'
Params: null


[Trace - 00:42:39 AM] Received request 'workspace/buildTargets - (2)'
Params: null


[Trace - 00:42:47 AM] Sending notification 'build/taskStart'
Params: {
  "taskId": {
    "id": "106709156"
  },
  "eventTime": 1770507767875,
  "message": "Compiling target mill-build/",
  "dataKind": "compile-task",
  "data": {
    "target": {
      "uri": "file:///C:/Users/tarcz/Documents/programowanie-funkcyje/Programowanie-funkcyjne/zadanie5/mill-build"
    }
  }
}


[Trace - 00:42:48 AM] Sending notification 'build/publishDiagnostics'
Params: {
  "textDocument": {
    "uri": "file:///C:/Users/tarcz/Documents/programowanie-funkcyje/Programowanie-funkcyjne/zadanie5/out/mill-bsp-out/mill-build/generatedScriptSources.dest/support/build_/BuildFileImpl.scala"
  },
  "buildTarget": {
    "uri": "file:///C:/Users/tarcz/Documents/programowanie-funkcyje/Programowanie-funkcyjne/zadanie5/mill-build"
  },
  "originId": "",
  "diagnostics": [],
  "reset": true
}


[Trace - 00:42:48 AM] Sending notification 'build/publishDiagnostics'
Params: {
  "textDocument": {
    "uri": "file:///C:/Users/tarcz/Documents/programowanie-funkcyje/Programowanie-funkcyjne/zadanie5/out/mill-bsp-out/mill-build/generatedScriptSources.dest/support/build_/MillMiscInfo.scala"
  },
  "buildTarget": {
    "uri": "file:///C:/Users/tarcz/Documents/programowanie-funkcyje/Programowanie-funkcyjne/zadanie5/mill-build"
  },
  "originId": "",
  "diagnostics": [],
  "reset": true
}


[Trace - 00:42:48 AM] Sending notification 'build/publishDiagnostics'
Params: {
  "textDocument": {
    "uri": "file:///C:/Users/tarcz/Documents/programowanie-funkcyje/Programowanie-funkcyjne/zadanie5/out/mill-bsp-out/mill-build/generatedScriptSources.dest/wrapped/build_/build.mill"
  },
  "buildTarget": {
    "uri": "file:///C:/Users/tarcz/Documents/programowanie-funkcyje/Programowanie-funkcyjne/zadanie5/mill-build"
  },
  "originId": "",
  "diagnostics": [],
  "reset": true
}


[Trace - 00:42:48 AM] Sending notification 'build/publishDiagnostics'
Params: {
  "textDocument": {
    "uri": "file:///C:/Users/tarcz/Documents/programowanie-funkcyje/Programowanie-funkcyjne/zadanie5/build.mill"
  },
  "buildTarget": {
    "uri": "file:///C:/Users/tarcz/Documents/programowanie-funkcyje/Programowanie-funkcyjne/zadanie5/mill-build"
  },
  "originId": "",
  "diagnostics": [],
  "reset": true
}


[Trace - 00:42:48 AM] Sending notification 'build/taskFinish'
Params: {
  "taskId": {
    "id": "106709156"
  },
  "eventTime": 1770507768856,
  "message": "Compiled mill-build/",
  "status": 1,
  "dataKind": "compile-report",
  "data": {
    "target": {
      "uri": "file:///C:/Users/tarcz/Documents/programowanie-funkcyje/Programowanie-funkcyjne/zadanie5/mill-build"
    },
    "originId": "",
    "errors": 0,
    "warnings": 0
  }
}


[Trace - 00:42:51 AM] Received request 'build/shutdown - (3)'
Params: null


[Trace - 00:42:51 AM] Sending response 'build/shutdown - (3)'. Processing request took 1ms
Result: null


[Trace - 00:42:51 AM] Received notification 'build/exit'
Params: null


