2026.02.08 00:40:32 INFO  Started: Metals version 1.6.5 in folders 'C:\Users\tarcz\Documents\programowanie-funkcyje\Programowanie-funkcyjne\zadanie1' for client Visual Studio Code 1.109.0.
2026.02.08 00:40:32 INFO  Memory monitor started
2026.02.08 00:40:33 WARN  Using H2 2.4.240 which is newer than the version Flyway has been verified with. The latest verified version of H2 is 2.3.232.
lut 08, 2026 12:40:37 AM org.eclipse.lsp4j.jsonrpc.RemoteEndpoint handleCancellation
WARNING: Unmatched cancel notification for request id 1
lut 08, 2026 12:40:37 AM org.eclipse.lsp4j.jsonrpc.RemoteEndpoint handleCancellation
WARNING: Unmatched cancel notification for request id 2
2026.02.08 00:40:37 INFO  no build target found for C:\Users\tarcz\Documents\programowanie-funkcyje\Programowanie-funkcyjne\zadanie1\app\src\HTTPServer.scala. Using presentation compiler with project's scala-library version: 3.3.7
2026.02.08 00:40:39 INFO  no build target found for C:\Users\tarcz\Documents\programowanie-funkcyje\Programowanie-funkcyjne\zadanie1\app\src\HTTPServer.scala. Using presentation compiler with project's scala-library version: 3.3.7
2026.02.08 00:40:39 INFO  no build target found for C:\Users\tarcz\Documents\programowanie-funkcyje\Programowanie-funkcyjne\zadanie1\app\src\HTTPServer.scala. Using presentation compiler with project's scala-library version: 3.3.7
lut 08, 2026 12:40:39 AM org.eclipse.lsp4j.jsonrpc.RemoteEndpoint handleCancellation
WARNING: Unmatched cancel notification for request id 9
lut 08, 2026 12:40:39 AM org.eclipse.lsp4j.jsonrpc.RemoteEndpoint handleCancellation
WARNING: Unmatched cancel notification for request id 12
2026.02.08 00:40:39 INFO  no build target found for C:\Users\tarcz\Documents\programowanie-funkcyje\Programowanie-funkcyjne\zadanie1\app\src\HTTPServer.scala. Using presentation compiler with project's scala-library version: 3.3.7
2026.02.08 00:40:39 INFO  no build target found for C:\Users\tarcz\Documents\programowanie-funkcyje\Programowanie-funkcyjne\zadanie1\app\src\HTTPServer.scala. Using presentation compiler with project's scala-library version: 3.3.7
2026.02.08 00:40:39 INFO  no build target found for C:\Users\tarcz\Documents\programowanie-funkcyje\Programowanie-funkcyjne\zadanie1\app\src\HTTPServer.scala. Using presentation compiler with project's scala-library version: 3.3.7
2026.02.08 00:40:39 INFO  no build target found for C:\Users\tarcz\Documents\programowanie-funkcyje\Programowanie-funkcyjne\zadanie1\app\src\HTTPServer.scala. Using presentation compiler with project's scala-library version: 3.3.7
2026.02.08 00:40:39 INFO  no build target found for C:\Users\tarcz\Documents\programowanie-funkcyje\Programowanie-funkcyjne\zadanie1\app\src\HTTPServer.scala. Using presentation compiler with project's scala-library version: 3.3.7
2026.02.08 00:40:39 INFO  no build target found for C:\Users\tarcz\Documents\programowanie-funkcyje\Programowanie-funkcyjne\zadanie1\app\src\HTTPServer.scala. Using presentation compiler with project's scala-library version: 3.3.7
lut 08, 2026 12:40:39 AM org.eclipse.lsp4j.jsonrpc.RemoteEndpoint handleCancellation
WARNING: Unmatched cancel notification for request id 28
2026.02.08 00:40:40 INFO  no build target found for C:\Users\tarcz\Documents\programowanie-funkcyje\Programowanie-funkcyjne\zadanie1\app\src\HTTPServer.scala. Using presentation compiler with project's scala-library version: 3.3.7
2026.02.08 00:40:40 INFO  no build target found for C:\Users\tarcz\Documents\programowanie-funkcyje\Programowanie-funkcyjne\zadanie1\app\src\HTTPServer.scala. Using presentation compiler with project's scala-library version: 3.3.7
2026.02.08 00:40:42 INFO  no build target found for C:\Users\tarcz\Documents\programowanie-funkcyje\Programowanie-funkcyjne\zadanie1\app\src\HTTPServer.scala. Using presentation compiler with project's scala-library version: 3.3.7
2026.02.08 00:40:42 INFO  no build target found for C:\Users\tarcz\Documents\programowanie-funkcyje\Programowanie-funkcyjne\zadanie1\app\src\HTTPServer.scala. Using presentation compiler with project's scala-library version: 3.3.7
2026.02.08 00:40:42 INFO  no build target found for C:\Users\tarcz\Documents\programowanie-funkcyje\Programowanie-funkcyjne\zadanie1\app\src\HTTPServer.scala. Using presentation compiler with project's scala-library version: 3.3.7
2026.02.08 00:40:42 INFO  no build target found for C:\Users\tarcz\Documents\programowanie-funkcyje\Programowanie-funkcyjne\zadanie1\app\src\HTTPServer.scala. Using presentation compiler with project's scala-library version: 3.3.7
2026.02.08 00:40:42 INFO  no build target found for C:\Users\tarcz\Documents\programowanie-funkcyje\Programowanie-funkcyjne\zadanie1\app\src\HTTPServer.scala. Using presentation compiler with project's scala-library version: 3.3.7
2026.02.08 00:40:43 INFO  no build target found for C:\Users\tarcz\Documents\programowanie-funkcyje\Programowanie-funkcyjne\zadanie1\app\src\HTTPServer.scala. Using presentation compiler with project's scala-library version: 3.3.7
2026.02.08 00:40:43 INFO  no build target found for C:\Users\tarcz\Documents\programowanie-funkcyje\Programowanie-funkcyjne\zadanie1\app\src\HTTPServer.scala. Using presentation compiler with project's scala-library version: 3.3.7
2026.02.08 00:40:43 INFO  no build target found for C:\Users\tarcz\Documents\programowanie-funkcyje\Programowanie-funkcyjne\zadanie1\app\src\HTTPServer.scala. Using presentation compiler with project's scala-library version: 3.3.7
2026.02.08 00:40:43 INFO  no build target found for C:\Users\tarcz\Documents\programowanie-funkcyje\Programowanie-funkcyjne\zadanie1\app\src\HTTPServer.scala. Using presentation compiler with project's scala-library version: 3.3.7
2026.02.08 00:40:44 INFO  no build target found for C:\Users\tarcz\Documents\programowanie-funkcyje\Programowanie-funkcyjne\zadanie1\app\src\HTTPServer.scala. Using presentation compiler with project's scala-library version: 3.3.7
2026.02.08 00:40:45 INFO  no build target found for C:\Users\tarcz\Documents\programowanie-funkcyje\Programowanie-funkcyjne\zadanie1\app\src\HTTPServer.scala. Using presentation compiler with project's scala-library version: 3.3.7
2026.02.08 00:40:45 INFO  no build target found for C:\Users\tarcz\Documents\programowanie-funkcyje\Programowanie-funkcyjne\zadanie1\app\src\HTTPServer.scala. Using presentation compiler with project's scala-library version: 3.3.7
2026.02.08 00:40:45 INFO  no build target found for C:\Users\tarcz\Documents\programowanie-funkcyje\Programowanie-funkcyjne\zadanie1\app\src\HTTPServer.scala. Using presentation compiler with project's scala-library version: 3.3.7
2026.02.08 00:40:45 INFO  no build target found for C:\Users\tarcz\Documents\programowanie-funkcyje\Programowanie-funkcyjne\zadanie1\app\src\HTTPServer.scala. Using presentation compiler with project's scala-library version: 3.3.7
2026.02.08 00:40:46 INFO  no build target found for C:\Users\tarcz\Documents\programowanie-funkcyje\Programowanie-funkcyjne\zadanie1\app\src\HTTPServer.scala. Using presentation compiler with project's scala-library version: 3.3.7
2026.02.08 00:40:46 INFO  no build target found for C:\Users\tarcz\Documents\programowanie-funkcyje\Programowanie-funkcyjne\zadanie1\app\src\HTTPServer.scala. Using presentation compiler with project's scala-library version: 3.3.7
2026.02.08 00:40:46 INFO  no build target found for C:\Users\tarcz\Documents\programowanie-funkcyje\Programowanie-funkcyjne\zadanie1\app\src\HTTPServer.scala. Using presentation compiler with project's scala-library version: 3.3.7
2026.02.08 00:40:46 INFO  no build target found for C:\Users\tarcz\Documents\programowanie-funkcyje\Programowanie-funkcyjne\zadanie1\app\src\HTTPServer.scala. Using presentation compiler with project's scala-library version: 3.3.7
2026.02.08 00:40:47 INFO  no build target found for C:\Users\tarcz\Documents\programowanie-funkcyje\Programowanie-funkcyjne\zadanie1\app\src\HTTPServer.scala. Using presentation compiler with project's scala-library version: 3.3.7
2026.02.08 00:40:48 INFO  no build target found for C:\Users\tarcz\Documents\programowanie-funkcyje\Programowanie-funkcyjne\zadanie1\app\src\HTTPServer.scala. Using presentation compiler with project's scala-library version: 3.3.7
2026.02.08 00:40:49 INFO  no build target found for C:\Users\tarcz\Documents\programowanie-funkcyje\Programowanie-funkcyjne\zadanie1\app\src\HTTPServer.scala. Using presentation compiler with project's scala-library version: 3.3.7
2026.02.08 00:40:49 INFO  no build target found for C:\Users\tarcz\Documents\programowanie-funkcyje\Programowanie-funkcyjne\zadanie1\app\src\HTTPServer.scala. Using presentation compiler with project's scala-library version: 3.3.7
2026.02.08 00:40:49 INFO  no build target found for C:\Users\tarcz\Documents\programowanie-funkcyje\Programowanie-funkcyjne\zadanie1\app\src\HTTPServer.scala. Using presentation compiler with project's scala-library version: 3.3.7
2026.02.08 00:40:49 INFO  no build target found for C:\Users\tarcz\Documents\programowanie-funkcyje\Programowanie-funkcyjne\zadanie1\app\src\HTTPServer.scala. Using presentation compiler with project's scala-library version: 3.3.7
2026.02.08 00:40:49 INFO  no build target found for C:\Users\tarcz\Documents\programowanie-funkcyje\Programowanie-funkcyjne\zadanie1\app\src\HTTPServer.scala. Using presentation compiler with project's scala-library version: 3.3.7
2026.02.08 00:40:49 INFO  no build target found for C:\Users\tarcz\Documents\programowanie-funkcyje\Programowanie-funkcyjne\zadanie1\app\src\HTTPServer.scala. Using presentation compiler with project's scala-library version: 3.3.7
2026.02.08 00:40:50 INFO  no build target found for C:\Users\tarcz\Documents\programowanie-funkcyje\Programowanie-funkcyjne\zadanie1\app\src\HTTPServer.scala. Using presentation compiler with project's scala-library version: 3.3.7
2026.02.08 00:40:50 INFO  no build target found for C:\Users\tarcz\Documents\programowanie-funkcyje\Programowanie-funkcyjne\zadanie1\app\src\HTTPServer.scala. Using presentation compiler with project's scala-library version: 3.3.7
2026.02.08 00:40:50 INFO  no build target found for C:\Users\tarcz\Documents\programowanie-funkcyje\Programowanie-funkcyjne\zadanie1\app\src\HTTPServer.scala. Using presentation compiler with project's scala-library version: 3.3.7
2026.02.08 00:40:50 INFO  no build target found for C:\Users\tarcz\Documents\programowanie-funkcyje\Programowanie-funkcyjne\zadanie1\app\src\HTTPServer.scala. Using presentation compiler with project's scala-library version: 3.3.7
2026.02.08 00:40:50 INFO  no build target found for C:\Users\tarcz\Documents\programowanie-funkcyje\Programowanie-funkcyjne\zadanie1\app\src\HTTPServer.scala. Using presentation compiler with project's scala-library version: 3.3.7
2026.02.08 00:40:50 INFO  no build target found for C:\Users\tarcz\Documents\programowanie-funkcyje\Programowanie-funkcyjne\zadanie1\app\src\HTTPServer.scala. Using presentation compiler with project's scala-library version: 3.3.7
2026.02.08 00:40:51 INFO  no build target found for C:\Users\tarcz\Documents\programowanie-funkcyje\Programowanie-funkcyjne\zadanie1\app\src\HTTPServer.scala. Using presentation compiler with project's scala-library version: 3.3.7
2026.02.08 00:40:51 INFO  no build target found for C:\Users\tarcz\Documents\programowanie-funkcyje\Programowanie-funkcyjne\zadanie1\app\src\HTTPServer.scala. Using presentation compiler with project's scala-library version: 3.3.7
2026.02.08 00:40:51 INFO  no build target found for C:\Users\tarcz\Documents\programowanie-funkcyje\Programowanie-funkcyjne\zadanie1\app\src\HTTPServer.scala. Using presentation compiler with project's scala-library version: 3.3.7
2026.02.08 00:40:51 INFO  no build target found for C:\Users\tarcz\Documents\programowanie-funkcyje\Programowanie-funkcyjne\zadanie1\app\src\HTTPServer.scala. Using presentation compiler with project's scala-library version: 3.3.7
2026.02.08 00:40:51 INFO  no build target found for C:\Users\tarcz\Documents\programowanie-funkcyje\Programowanie-funkcyjne\zadanie1\app\src\HTTPServer.scala. Using presentation compiler with project's scala-library version: 3.3.7
2026.02.08 00:40:51 INFO  no build target found for C:\Users\tarcz\Documents\programowanie-funkcyje\Programowanie-funkcyjne\zadanie1\app\src\HTTPServer.scala. Using presentation compiler with project's scala-library version: 3.3.7
2026.02.08 00:40:52 INFO  no build target found for C:\Users\tarcz\Documents\programowanie-funkcyje\Programowanie-funkcyjne\zadanie1\app\src\HTTPServer.scala. Using presentation compiler with project's scala-library version: 3.3.7
2026.02.08 00:40:51 INFO  no build target found for C:\Users\tarcz\Documents\programowanie-funkcyje\Programowanie-funkcyjne\zadanie1\app\src\HTTPServer.scala. Using presentation compiler with project's scala-library version: 3.3.7
2026.02.08 00:40:51 INFO  no build target found for C:\Users\tarcz\Documents\programowanie-funkcyje\Programowanie-funkcyjne\zadanie1\app\src\HTTPServer.scala. Using presentation compiler with project's scala-library version: 3.3.7
2026.02.08 00:40:51 INFO  no build target found for C:\Users\tarcz\Documents\programowanie-funkcyje\Programowanie-funkcyjne\zadanie1\app\src\HTTPServer.scala. Using presentation compiler with project's scala-library version: 3.3.7
2026.02.08 00:40:52 INFO  no build target found for C:\Users\tarcz\Documents\programowanie-funkcyje\Programowanie-funkcyjne\zadanie1\app\src\HTTPServer.scala. Using presentation compiler with project's scala-library version: 3.3.7
2026.02.08 00:40:52 INFO  no build target found for C:\Users\tarcz\Documents\programowanie-funkcyje\Programowanie-funkcyjne\zadanie1\app\src\HTTPServer.scala. Using presentation compiler with project's scala-library version: 3.3.7
2026.02.08 00:40:52 INFO  no build target found for C:\Users\tarcz\Documents\programowanie-funkcyje\Programowanie-funkcyjne\zadanie1\app\src\HTTPServer.scala. Using presentation compiler with project's scala-library version: 3.3.7
2026.02.08 00:40:53 INFO  no build target found for C:\Users\tarcz\Documents\programowanie-funkcyje\Programowanie-funkcyjne\zadanie1\app\src\HTTPServer.scala. Using presentation compiler with project's scala-library version: 3.3.7
2026.02.08 00:40:52 INFO  no build target found for C:\Users\tarcz\Documents\programowanie-funkcyje\Programowanie-funkcyjne\zadanie1\app\src\HTTPServer.scala. Using presentation compiler with project's scala-library version: 3.3.7
2026.02.08 00:40:52 INFO  no build target found for C:\Users\tarcz\Documents\programowanie-funkcyje\Programowanie-funkcyjne\zadanie1\app\src\HTTPServer.scala. Using presentation compiler with project's scala-library version: 3.3.7
2026.02.08 00:40:52 INFO  no build target found for C:\Users\tarcz\Documents\programowanie-funkcyje\Programowanie-funkcyjne\zadanie1\app\src\HTTPServer.scala. Using presentation compiler with project's scala-library version: 3.3.7
2026.02.08 00:40:53 INFO  no build target found for C:\Users\tarcz\Documents\programowanie-funkcyje\Programowanie-funkcyjne\zadanie1\app\src\HTTPServer.scala. Using presentation compiler with project's scala-library version: 3.3.7
2026.02.08 00:40:53 INFO  no build target found for C:\Users\tarcz\Documents\programowanie-funkcyje\Programowanie-funkcyjne\zadanie1\app\src\HTTPServer.scala. Using presentation compiler with project's scala-library version: 3.3.7
2026.02.08 00:40:53 INFO  no build target found for C:\Users\tarcz\Documents\programowanie-funkcyje\Programowanie-funkcyjne\zadanie1\app\src\HTTPServer.scala. Using presentation compiler with project's scala-library version: 3.3.7
2026.02.08 00:40:53 INFO  no build target found for C:\Users\tarcz\Documents\programowanie-funkcyje\Programowanie-funkcyjne\zadanie1\app\src\HTTPServer.scala. Using presentation compiler with project's scala-library version: 3.3.7
2026.02.08 00:40:53 INFO  no build target found for C:\Users\tarcz\Documents\programowanie-funkcyje\Programowanie-funkcyjne\zadanie1\app\src\HTTPServer.scala. Using presentation compiler with project's scala-library version: 3.3.7
2026.02.08 00:40:54 INFO  no build target found for C:\Users\tarcz\Documents\programowanie-funkcyje\Programowanie-funkcyjne\zadanie1\app\src\HTTPServer.scala. Using presentation compiler with project's scala-library version: 3.3.7
2026.02.08 00:40:53 INFO  no build target found for C:\Users\tarcz\Documents\programowanie-funkcyje\Programowanie-funkcyjne\zadanie1\app\src\HTTPServer.scala. Using presentation compiler with project's scala-library version: 3.3.7
2026.02.08 00:40:53 INFO  no build target found for C:\Users\tarcz\Documents\programowanie-funkcyje\Programowanie-funkcyjne\zadanie1\app\src\HTTPServer.scala. Using presentation compiler with project's scala-library version: 3.3.7
2026.02.08 00:40:54 INFO  no build target found for C:\Users\tarcz\Documents\programowanie-funkcyje\Programowanie-funkcyjne\zadanie1\app\src\HTTPServer.scala. Using presentation compiler with project's scala-library version: 3.3.7
2026.02.08 00:40:54 INFO  no build target found for C:\Users\tarcz\Documents\programowanie-funkcyje\Programowanie-funkcyjne\zadanie1\app\src\HTTPServer.scala. Using presentation compiler with project's scala-library version: 3.3.7
2026.02.08 00:40:54 INFO  no build target found for C:\Users\tarcz\Documents\programowanie-funkcyje\Programowanie-funkcyjne\zadanie1\app\src\HTTPServer.scala. Using presentation compiler with project's scala-library version: 3.3.7
2026.02.08 00:40:54 INFO  no build target found for C:\Users\tarcz\Documents\programowanie-funkcyje\Programowanie-funkcyjne\zadanie1\app\src\HTTPServer.scala. Using presentation compiler with project's scala-library version: 3.3.7
2026.02.08 00:40:56 INFO  no build target found for C:\Users\tarcz\Documents\programowanie-funkcyje\Programowanie-funkcyjne\zadanie1\app\src\HTTPServer.scala. Using presentation compiler with project's scala-library version: 3.3.7
2026.02.08 00:40:56 INFO  no build target found for C:\Users\tarcz\Documents\programowanie-funkcyje\Programowanie-funkcyjne\zadanie1\app\src\HTTPServer.scala. Using presentation compiler with project's scala-library version: 3.3.7
2026.02.08 00:40:56 INFO  no build target found for C:\Users\tarcz\Documents\programowanie-funkcyje\Programowanie-funkcyjne\zadanie1\app\src\HTTPServer.scala. Using presentation compiler with project's scala-library version: 3.3.7
2026.02.08 00:40:57 INFO  no build target found for C:\Users\tarcz\Documents\programowanie-funkcyje\Programowanie-funkcyjne\zadanie1\app\src\HTTPServer.scala. Using presentation compiler with project's scala-library version: 3.3.7
2026.02.08 00:40:57 INFO  no build target found for C:\Users\tarcz\Documents\programowanie-funkcyje\Programowanie-funkcyjne\zadanie1\app\src\HTTPServer.scala. Using presentation compiler with project's scala-library version: 3.3.7
2026.02.08 00:40:58 INFO  no build target found for C:\Users\tarcz\Documents\programowanie-funkcyje\Programowanie-funkcyjne\zadanie1\app\src\HTTPServer.scala. Using presentation compiler with project's scala-library version: 3.3.7
2026.02.08 00:40:58 INFO  no build target found for C:\Users\tarcz\Documents\programowanie-funkcyje\Programowanie-funkcyjne\zadanie1\app\src\HTTPServer.scala. Using presentation compiler with project's scala-library version: 3.3.7
2026.02.08 00:40:58 INFO  no build target found for C:\Users\tarcz\Documents\programowanie-funkcyje\Programowanie-funkcyjne\zadanie1\app\src\HTTPServer.scala. Using presentation compiler with project's scala-library version: 3.3.7
2026.02.08 00:40:58 INFO  no build target found for C:\Users\tarcz\Documents\programowanie-funkcyje\Programowanie-funkcyjne\zadanie1\app\src\HTTPServer.scala. Using presentation compiler with project's scala-library version: 3.3.7
2026.02.08 00:40:58 INFO  no build target found for C:\Users\tarcz\Documents\programowanie-funkcyje\Programowanie-funkcyjne\zadanie1\app\src\HTTPServer.scala. Using presentation compiler with project's scala-library version: 3.3.7
2026.02.08 00:40:58 INFO  no build target found for C:\Users\tarcz\Documents\programowanie-funkcyje\Programowanie-funkcyjne\zadanie1\app\src\HTTPServer.scala. Using presentation compiler with project's scala-library version: 3.3.7
2026.02.08 00:40:59 INFO  no build target found for C:\Users\tarcz\Documents\programowanie-funkcyje\Programowanie-funkcyjne\zadanie1\app\src\HTTPServer.scala. Using presentation compiler with project's scala-library version: 3.3.7
2026.02.08 00:40:58 INFO  no build target found for C:\Users\tarcz\Documents\programowanie-funkcyje\Programowanie-funkcyjne\zadanie1\app\src\HTTPServer.scala. Using presentation compiler with project's scala-library version: 3.3.7
2026.02.08 00:40:59 INFO  no build target found for C:\Users\tarcz\Documents\programowanie-funkcyje\Programowanie-funkcyjne\zadanie1\app\src\HTTPServer.scala. Using presentation compiler with project's scala-library version: 3.3.7
2026.02.08 00:40:59 INFO  no build target found for C:\Users\tarcz\Documents\programowanie-funkcyje\Programowanie-funkcyjne\zadanie1\app\src\HTTPServer.scala. Using presentation compiler with project's scala-library version: 3.3.7
2026.02.08 00:40:59 INFO  no build target found for C:\Users\tarcz\Documents\programowanie-funkcyje\Programowanie-funkcyjne\zadanie1\app\src\HTTPServer.scala. Using presentation compiler with project's scala-library version: 3.3.7
2026.02.08 00:40:59 INFO  no build target found for C:\Users\tarcz\Documents\programowanie-funkcyje\Programowanie-funkcyjne\zadanie1\app\src\HTTPServer.scala. Using presentation compiler with project's scala-library version: 3.3.7
2026.02.08 00:40:59 INFO  no build target found for C:\Users\tarcz\Documents\programowanie-funkcyje\Programowanie-funkcyjne\zadanie1\app\src\HTTPServer.scala. Using presentation compiler with project's scala-library version: 3.3.7
2026.02.08 00:40:59 INFO  no build target found for C:\Users\tarcz\Documents\programowanie-funkcyje\Programowanie-funkcyjne\zadanie1\app\src\HTTPServer.scala. Using presentation compiler with project's scala-library version: 3.3.7
2026.02.08 00:41:00 INFO  no build target found for C:\Users\tarcz\Documents\programowanie-funkcyje\Programowanie-funkcyjne\zadanie1\app\src\HTTPServer.scala. Using presentation compiler with project's scala-library version: 3.3.7
2026.02.08 00:41:00 INFO  no build target found for C:\Users\tarcz\Documents\programowanie-funkcyje\Programowanie-funkcyjne\zadanie1\app\src\HTTPServer.scala. Using presentation compiler with project's scala-library version: 3.3.7
2026.02.08 00:41:00 INFO  no build target found for C:\Users\tarcz\Documents\programowanie-funkcyje\Programowanie-funkcyjne\zadanie1\app\src\HTTPServer.scala. Using presentation compiler with project's scala-library version: 3.3.7
2026.02.08 00:41:00 INFO  no build target found for C:\Users\tarcz\Documents\programowanie-funkcyje\Programowanie-funkcyjne\zadanie1\app\src\HTTPServer.scala. Using presentation compiler with project's scala-library version: 3.3.7
2026.02.08 00:41:00 INFO  no build target found for C:\Users\tarcz\Documents\programowanie-funkcyje\Programowanie-funkcyjne\zadanie1\app\src\HTTPServer.scala. Using presentation compiler with project's scala-library version: 3.3.7
2026.02.08 00:41:00 INFO  no build target found for C:\Users\tarcz\Documents\programowanie-funkcyje\Programowanie-funkcyjne\zadanie1\app\src\HTTPServer.scala. Using presentation compiler with project's scala-library version: 3.3.7
2026.02.08 00:41:00 INFO  no build target found for C:\Users\tarcz\Documents\programowanie-funkcyje\Programowanie-funkcyjne\zadanie1\app\src\HTTPServer.scala. Using presentation compiler with project's scala-library version: 3.3.7
2026.02.08 00:41:00 INFO  no build target found for C:\Users\tarcz\Documents\programowanie-funkcyje\Programowanie-funkcyjne\zadanie1\app\src\HTTPServer.scala. Using presentation compiler with project's scala-library version: 3.3.7
2026.02.08 00:41:01 INFO  no build target found for C:\Users\tarcz\Documents\programowanie-funkcyje\Programowanie-funkcyjne\zadanie1\app\src\HTTPServer.scala. Using presentation compiler with project's scala-library version: 3.3.7
2026.02.08 00:41:01 INFO  no build target found for C:\Users\tarcz\Documents\programowanie-funkcyje\Programowanie-funkcyjne\zadanie1\app\src\HTTPServer.scala. Using presentation compiler with project's scala-library version: 3.3.7
2026.02.08 00:41:01 INFO  no build target found for C:\Users\tarcz\Documents\programowanie-funkcyje\Programowanie-funkcyjne\zadanie1\app\src\HTTPServer.scala. Using presentation compiler with project's scala-library version: 3.3.7
2026.02.08 00:41:02 INFO  no build target found for C:\Users\tarcz\Documents\programowanie-funkcyje\Programowanie-funkcyjne\zadanie1\app\src\HTTPServer.scala. Using presentation compiler with project's scala-library version: 3.3.7
2026.02.08 00:41:02 INFO  no build target found for C:\Users\tarcz\Documents\programowanie-funkcyje\Programowanie-funkcyjne\zadanie1\app\src\HTTPServer.scala. Using presentation compiler with project's scala-library version: 3.3.7
2026.02.08 00:41:01 WARN  no build target for: C:\Users\tarcz\Documents\programowanie-funkcyje\Programowanie-funkcyjne\zadanie1\app\src\HTTPServer.scala
2026.02.08 00:41:01 INFO  no build target found for C:\Users\tarcz\Documents\programowanie-funkcyje\Programowanie-funkcyjne\zadanie1\app\src\HTTPServer.scala. Using presentation compiler with project's scala-library version: 3.3.7
2026.02.08 00:41:02 INFO  no build target found for C:\Users\tarcz\Documents\programowanie-funkcyje\Programowanie-funkcyjne\zadanie1\app\src\HTTPServer.scala. Using presentation compiler with project's scala-library version: 3.3.7
2026.02.08 00:41:08 INFO  no build target found for C:\Users\tarcz\Documents\programowanie-funkcyje\Programowanie-funkcyjne\zadanie1\app\src\HTTPServer.scala. Using presentation compiler with project's scala-library version: 3.3.7
2026.02.08 00:41:11 INFO  no build target found for C:\Users\tarcz\Documents\programowanie-funkcyje\Programowanie-funkcyjne\zadanie1\app\src\HTTPServer.scala. Using presentation compiler with project's scala-library version: 3.3.7
2026.02.08 00:41:11 INFO  no build target found for C:\Users\tarcz\Documents\programowanie-funkcyje\Programowanie-funkcyjne\zadanie1\app\src\HTTPServer.scala. Using presentation compiler with project's scala-library version: 3.3.7
2026.02.08 00:41:11 INFO  no build target found for C:\Users\tarcz\Documents\programowanie-funkcyje\Programowanie-funkcyjne\zadanie1\app\src\HTTPServer.scala. Using presentation compiler with project's scala-library version: 3.3.7
2026.02.08 00:41:11 INFO  no build target found for C:\Users\tarcz\Documents\programowanie-funkcyje\Programowanie-funkcyjne\zadanie1\app\src\HTTPServer.scala. Using presentation compiler with project's scala-library version: 3.3.7
2026.02.08 00:41:11 INFO  no build target found for C:\Users\tarcz\Documents\programowanie-funkcyje\Programowanie-funkcyjne\zadanie1\app\src\HTTPServer.scala. Using presentation compiler with project's scala-library version: 3.3.7
2026.02.08 00:41:11 INFO  no build target found for C:\Users\tarcz\Documents\programowanie-funkcyje\Programowanie-funkcyjne\zadanie1\app\src\HTTPServer.scala. Using presentation compiler with project's scala-library version: 3.3.7
2026.02.08 00:41:11 INFO  Created report: Optional[file:///C:/Users/tarcz/Documents/programowanie-funkcyje/Programowanie-funkcyjne/zadanie1/app/src/HTTPServer.scala]
2026.02.08 00:41:11 INFO  empty definition using pc, found symbol in pc: postJson# (full report at: "C:\Users\tarcz\Documents\programowanie-funkcyje\Programowanie-funkcyjne\zadanie1\.metals\.reports\metals-full\2026-02-08\r_empty-definition_00-41-11-996.md")
2026.02.08 00:41:11 INFO  no build target found for C:\Users\tarcz\Documents\programowanie-funkcyje\Programowanie-funkcyjne\zadanie1\app\src\HTTPServer.scala. Using presentation compiler with project's scala-library version: 3.3.7
2026.02.08 00:41:12 INFO  no build target found for C:\Users\tarcz\Documents\programowanie-funkcyje\Programowanie-funkcyjne\zadanie1\app\src\HTTPServer.scala. Using presentation compiler with project's scala-library version: 3.3.7
2026.02.08 00:41:14 INFO  no build target found for C:\Users\tarcz\Documents\programowanie-funkcyje\Programowanie-funkcyjne\zadanie1\app\src\HTTPServer.scala. Using presentation compiler with project's scala-library version: 3.3.7
2026.02.08 00:41:19 INFO  Shutting down server
2026.02.08 00:41:19 INFO  Memory monitor stopped
2026.02.08 00:41:19 INFO  shutting down Metals
2026.02.08 00:41:19 INFO  Exiting server
